Select Skills

Toggle skills with enter or space. All are pre-selected by default.

SDD Skills
▸ [x] SDD Init
  [x] SDD Explore
  [x] SDD Propose
  [x] SDD Spec
  [x] SDD Design
  [x] SDD Tasks
  [x] SDD Apply
  [x] SDD Verify
  [x] SDD Archive
  [x] SDD Onboard
  [x] Judgment Day
  [x] qa-explore
  [x] qa-spec
  [x] qa-apply
  [x] qa-verify
  [x] qa-review
  [x] qa-docs

Foundation Skills
  [x] Go Testing
  [x] Gentle AI Bench
  [x] Skill Creator
  [x] Skill Improver
  [x] Branch & PR
  [x] Issue Creation
  [x] Skill Registry
  [x] Chained PR
  [x] Cognitive Doc Design
  [x] Comment Writer
  [x] Work Unit Commits
  [x] RDD Defect Workflow
  [x] Systemic Issue Triage
  [x] qa-supervisor
  [x] qa-doc-access
  [x] qa-evidence
  [x] gitlab-mr-flow
  [x] gitlab-release-tag

  Continue
  Back

j/k: navigate • space/enter: toggle • esc: back